// Jest Snapshot v1, https://goo.gl/fbAQLP

exports[`ObsidianLofBlockErrorMessage given we have an error message renders correctly 1`] = `
<div
  className="StyleObsidianLoFBlockErrorMessage"
>
  Lorem ipsum dolor sit amet, consectetur adipiscing elit.
</div>
`;
